Archive member included to satisfy reference by file (symbol)

C:\Users\josh\AppData\Local\Temp\arduino\sketches\D71FDA8A22437A7D50E2DF5F95563ED5/..\..\cores\arduino_megaavr_uno2018_mode_on_d7c192f1f340e3084ddad400829dc4ba\core.a(UART0.cpp.o)
                              C:\Users\josh\AppData\Local\Temp\arduino\sketches\D71FDA8A22437A7D50E2DF5F95563ED5\sketch\mqtt_publisher_self_hosted_broker.ino.cpp.o (symbol from plugin) (Serial)
C:\Users\josh\AppData\Local\Temp\arduino\sketches\D71FDA8A22437A7D50E2DF5F95563ED5/..\..\cores\arduino_megaavr_uno2018_mode_on_d7c192f1f340e3084ddad400829dc4ba\core.a(abi.cpp.o)
                              C:\Users\josh\AppData\Local\Temp\arduino\sketches\D71FDA8A22437A7D50E2DF5F95563ED5\libraries\WiFiNINA\WiFiServer.cpp.o (symbol from plugin) (__cxa_pure_virtual)
C:\Users\josh\AppData\Local\Temp\arduino\sketches\D71FDA8A22437A7D50E2DF5F95563ED5/..\..\cores\arduino_megaavr_uno2018_mode_on_d7c192f1f340e3084ddad400829dc4ba\core.a(IPAddress.cpp.o)
                              C:\Users\josh\AppData\Local\Temp\arduino\sketches\D71FDA8A22437A7D50E2DF5F95563ED5\libraries\ArduinoMqttClient\MqttClient.cpp.o (symbol from plugin) (_ZTVN7arduino9IPAddressE)
C:\Users\josh\AppData\Local\Temp\arduino\sketches\D71FDA8A22437A7D50E2DF5F95563ED5/..\..\cores\arduino_megaavr_uno2018_mode_on_d7c192f1f340e3084ddad400829dc4ba\core.a(Print.cpp.o)
                              C:\Users\josh\AppData\Local\Temp\arduino\sketches\D71FDA8A22437A7D50E2DF5F95563ED5\libraries\WiFiNINA\WiFiServer.cpp.o (symbol from plugin) (_ZN7arduino5Print5writeEPKhj)
C:\Users\josh\AppData\Local\Temp\arduino\sketches\D71FDA8A22437A7D50E2DF5F95563ED5/..\..\cores\arduino_megaavr_uno2018_mode_on_d7c192f1f340e3084ddad400829dc4ba\core.a(Stream.cpp.o)
                              C:\Users\josh\AppData\Local\Temp\arduino\sketches\D71FDA8A22437A7D50E2DF5F95563ED5\libraries\ArduinoMqttClient\MqttClient.cpp.o (symbol from plugin) (_ZN7arduino6Stream10setTimeoutEm)
C:\Users\josh\AppData\Local\Temp\arduino\sketches\D71FDA8A22437A7D50E2DF5F95563ED5/..\..\cores\arduino_megaavr_uno2018_mode_on_d7c192f1f340e3084ddad400829dc4ba\core.a(String.cpp.o)
                              C:\Users\josh\AppData\Local\Temp\arduino\sketches\D71FDA8A22437A7D50E2DF5F95563ED5\libraries\ArduinoMqttClient\MqttClient.cpp.o (symbol from plugin) (_ZN7arduino6StringD1Ev)
C:\Users\josh\AppData\Local\Temp\arduino\sketches\D71FDA8A22437A7D50E2DF5F95563ED5/..\..\cores\arduino_megaavr_uno2018_mode_on_d7c192f1f340e3084ddad400829dc4ba\core.a(hooks.c.o)
                              C:\Users\josh\AppData\Local\Temp\arduino\sketches\D71FDA8A22437A7D50E2DF5F95563ED5\libraries\ArduinoMqttClient\MqttClient.cpp.o (symbol from plugin) (yield)
C:\Users\josh\AppData\Local\Temp\arduino\sketches\D71FDA8A22437A7D50E2DF5F95563ED5/..\..\cores\arduino_megaavr_uno2018_mode_on_d7c192f1f340e3084ddad400829dc4ba\core.a(main.cpp.o)
                              c:/users/josh/appdata/local/arduino15/packages/arduino/tools/avr-gcc/7.3.0-atmel3.6.1-arduino5/bin/../lib/gcc/avr/7.3.0/../../../../avr/lib/avrxmega3/crtatmega4809.o (main)
C:\Users\josh\AppData\Local\Temp\arduino\sketches\D71FDA8A22437A7D50E2DF5F95563ED5/..\..\cores\arduino_megaavr_uno2018_mode_on_d7c192f1f340e3084ddad400829dc4ba\core.a(new.cpp.o)
                              C:\Users\josh\AppData\Local\Temp\arduino\sketches\D71FDA8A22437A7D50E2DF5F95563ED5\libraries\Adafruit_AM2320_sensor_library\Adafruit_AM2320.cpp.o (symbol from plugin) (_Znwj)
C:\Users\josh\AppData\Local\Temp\arduino\sketches\D71FDA8A22437A7D50E2DF5F95563ED5/..\..\cores\arduino_megaavr_uno2018_mode_on_d7c192f1f340e3084ddad400829dc4ba\core.a(wiring.c.o)
                              C:\Users\josh\AppData\Local\Temp\arduino\sketches\D71FDA8A22437A7D50E2DF5F95563ED5\libraries\WiFiNINA\utility\spi_drv.cpp.o (symbol from plugin) (F_CPU_CORRECTED)
C:\Users\josh\AppData\Local\Temp\arduino\sketches\D71FDA8A22437A7D50E2DF5F95563ED5/..\..\cores\arduino_megaavr_uno2018_mode_on_d7c192f1f340e3084ddad400829dc4ba\core.a(wiring_analog.c.o)
                              wiring.c.o (symbol from plugin) (analogReference)
C:\Users\josh\AppData\Local\Temp\arduino\sketches\D71FDA8A22437A7D50E2DF5F95563ED5/..\..\cores\arduino_megaavr_uno2018_mode_on_d7c192f1f340e3084ddad400829dc4ba\core.a(wiring_digital.c.o)
                              wiring_analog.c.o (symbol from plugin) (digital_pin_to_timer)
C:\Users\josh\AppData\Local\Temp\arduino\sketches\D71FDA8A22437A7D50E2DF5F95563ED5/..\..\cores\arduino_megaavr_uno2018_mode_on_d7c192f1f340e3084ddad400829dc4ba\core.a(UART.cpp.o)
                              UART0.cpp.o (symbol from plugin) (_ZN9UartClass9availableEv)
c:/users/josh/appdata/local/arduino15/packages/arduino/tools/avr-gcc/7.3.0-atmel3.6.1-arduino5/bin/../lib/gcc/avr/7.3.0/avrxmega3\libgcc.a(_exit.o)
[...]
Memory Configuration

Name             Origin             Length             Attributes
text             0x00000000         0x00100000         xr
data             0x00802000         0x0000ffa0         rw !x
eeprom           0x00810000         0x00010000         rw !x
fuse             0x00820000         0x00000009         rw !x
lock             0x00830000         0x00000400         rw !x
signature        0x00840000         0x00000400         rw !x
user_signatures  0x00850000         0x00000400         rw !x
*default*        0x00000000         0xffffffff

Linker script and memory map

Address of section .data set to 0x802800
                0x00004000                __RODATA_PM_OFFSET__ = 0x4000
LOAD c:/users/josh/appdata/local/arduino15/packages/arduino/tools/avr-gcc/7.3.0-atmel3.6.1-arduino5/bin/../lib/gcc/avr/7.3.0/../../../../avr/lib/avrxmega3/crtatmega4809.o
Address of section .text set to 0x200
LOAD C:\Users\josh\AppData\Local\Temp\arduino\sketches\D71FDA8A22437A7D50E2DF5F95563ED5\sketch\mqtt_publisher_self_hosted_broker.ino.cpp.o
LOAD C:\Users\josh\AppData\Local\Temp\ccmc2uDQ.ltrans0.ltrans.o
LOAD C:\Users\josh\AppData\Local\Temp\arduino\sketches\D71FDA8A22437A7D50E2DF5F95563ED5\libraries\ArduinoMqttClient\MqttClient.cpp.o
LOAD C:\Users\josh\AppData\Local\Temp\arduino\sketches\D71FDA8A22437A7D50E2DF5F95563ED5\libraries\WiFiNINA\WiFi.cpp.o
LOAD C:\Users\josh\AppData\Local\Temp\arduino\sketches\D71FDA8A22437A7D50E2DF5F95563ED5\libraries\WiFiNINA\WiFiClient.cpp.o
LOAD C:\Users\josh\AppData\Local\Temp\arduino\sketches\D71FDA8A22437A7D50E2DF5F95563ED5\libraries\WiFiNINA\WiFiSSLClient.cpp.o
LOAD C:\Users\josh\AppData\Local\Temp\arduino\sketches\D71FDA8A22437A7D50E2DF5F95563ED5\libraries\WiFiNINA\WiFiServer.cpp.o
LOAD C:\Users\josh\AppData\Local\Temp\arduino\sketches\D71FDA8A22437A7D50E2DF5F95563ED5\libraries\WiFiNINA\WiFiStorage.cpp.o
LOAD C:\Users\josh\AppData\Local\Temp\arduino\sketches\D71FDA8A22437A7D50E2DF5F95563ED5\libraries\WiFiNINA\WiFiUdp.cpp.o
LOAD C:\Users\josh\AppData\Local\Temp\arduino\sketches\D71FDA8A22437A7D50E2DF5F95563ED5\libraries\WiFiNINA\utility\WiFiSocketBuffer.cpp.o
LOAD C:\Users\josh\AppData\Local\Temp\arduino\sketches\D71FDA8A22437A7D50E2DF5F95563ED5\libraries\WiFiNINA\utility\nano_rp2040_support.cpp.o
LOAD C:\Users\josh\AppData\Local\Temp\arduino\sketches\D71FDA8A22437A7D50E2DF5F95563ED5\libraries\WiFiNINA\utility\server_drv.cpp.o
LOAD C:\Users\josh\AppData\Local\Temp\arduino\sketches\D71FDA8A22437A7D50E2DF5F95563ED5\libraries\WiFiNINA\utility\spi_drv.cpp.o
LOAD C:\Users\josh\AppData\Local\Temp\arduino\sketches\D71FDA8A22437A7D50E2DF5F95563ED5\libraries\WiFiNINA\utility\wifi_drv.cpp.o
LOAD C:\Users\josh\AppData\Local\Temp\arduino\sketches\D71FDA8A22437A7D50E2DF5F95563ED5\libraries\Adafruit_Unified_Sensor\Adafruit_Sensor.cpp.o
LOAD C:\Users\josh\AppData\Local\Temp\arduino\sketches\D71FDA8A22437A7D50E2DF5F95563ED5\libraries\Adafruit_AM2320_sensor_library\Adafruit_AM2320.cpp.o
LOAD C:\Users\josh\AppData\Local\Temp\arduino\sketches\D71FDA8A22437A7D50E2DF5F95563ED5\libraries\Adafruit_BusIO\Adafruit_BusIO_Register.cpp.o
LOAD C:\Users\josh\AppData\Local\Temp\arduino\sketches\D71FDA8A22437A7D50E2DF5F95563ED5\libraries\Adafruit_BusIO\Adafruit_I2CDevice.cpp.o
LOAD C:\Users\josh\AppData\Local\Temp\arduino\sketches\D71FDA8A22437A7D50E2DF5F95563ED5\libraries\Adafruit_BusIO\Adafruit_SPIDevice.cpp.o
LOAD C:\Users\josh\AppData\Local\Temp\arduino\sketches\D71FDA8A22437A7D50E2DF5F95563ED5\libraries\Wire\Wire.cpp.o
LOAD C:\Users\josh\AppData\Local\Temp\arduino\sketches\D71FDA8A22437A7D50E2DF5F95563ED5\libraries\Wire\utility\twi.c.o
LOAD C:\Users\josh\AppData\Local\Temp\arduino\sketches\D71FDA8A22437A7D50E2DF5F95563ED5\libraries\SPI\SPI.cpp.o
LOAD C:\Users\josh\AppData\Local\Temp\arduino\sketches\D71FDA8A22437A7D50E2DF5F95563ED5\core\variant.c.o
LOAD C:\Users\josh\AppData\Local\Temp\arduino\sketches\D71FDA8A22437A7D50E2DF5F95563ED5/..\..\cores\arduino_megaavr_uno2018_mode_on_d7c192f1f340e3084ddad400829dc4ba\core.a
LOAD c:/users/josh/appdata/local/arduino15/packages/arduino/tools/avr-gcc/7.3.0-atmel3.6.1-arduino5/bin/../lib/gcc/avr/7.3.0/../../../../avr/lib/avrxmega3\libm.a
START GROUP
LOAD c:/users/josh/appdata/local/arduino15/packages/arduino/tools/avr-gcc/7.3.0-atmel3.6.1-arduino5/bin/../lib/gcc/avr/7.3.0/avrxmega3\libgcc.a
LOAD c:/users/josh/appdata/local/arduino15/packages/arduino/tools/avr-gcc/7.3.0-atmel3.6.1-arduino5/bin/../lib/gcc/avr/7.3.0/../../../../avr/lib/avrxmega3\libm.a
LOAD c:/users/josh/appdata/local/arduino15/packages/arduino/tools/avr-gcc/7.3.0-atmel3.6.1-arduino5/bin/../lib/gcc/avr/7.3.0/../../../../avr/lib/avrxmega3\libc.a
LOAD c:/users/josh/appdata/local/arduino15/packages/arduino/tools/avr-gcc/7.3.0-atmel3.6.1-arduino5/bin/../lib/gcc/avr/7.3.0/../../../../avr/lib/avrxmega3\libatmega4809.a
END GROUP
                0x00100000                __TEXT_REGION_LENGTH__ = DEFINED (__TEXT_REGION_LENGTH__)?__TEXT_REGION_LENGTH__:0x100000
                0x0000ffa0                __DATA_REGION_LENGTH__ = DEFINED (__DATA_REGION_LENGTH__)?__DATA_REGION_LENGTH__:0xffa0
                0x00010000                __EEPROM_REGION_LENGTH__ = DEFINED (__EEPROM_REGION_LENGTH__)?__EEPROM_REGION_LENGTH__:0x10000
                [0x00000009]                __FUSE_REGION_LENGTH__ = DEFINED (__FUSE_REGION_LENGTH__)?__FUSE_REGION_LENGTH__:0x400
                0x00000400                __LOCK_REGION_LENGTH__ = DEFINED (__LOCK_REGION_LENGTH__)?__LOCK_REGION_LENGTH__:0x400
                0x00000400                __SIGNATURE_REGION_LENGTH__ = DEFINED (__SIGNATURE_REGION_LENGTH__)?__SIGNATURE_REGION_LENGTH__:0x400
                0x00000400                __USER_SIGNATURE_REGION_LENGTH__ = DEFINED (__USER_SIGNATURE_REGION_LENGTH__)?__USER_SIGNATURE_REGION_LENGTH__:0x400
                0x00008000                __RODATA_PM_OFFSET__ = DEFINED (__RODATA_PM_OFFSET__)?__RODATA_PM_OFFSET__:0x8000

.hash
 *(.hash)

.dynsym
 *(.dynsym)

.dynstr
 *(.dynstr)

.gnu.version
 *(.gnu.version)

.gnu.version_d
 *(.gnu.version_d)

.gnu.version_r
 *(.gnu.version_r)

.rel.init
 *(.rel.init)

.rela.init
 *(.rela.init)

.rel.text
 *(.rel.text)
 *(.rel.text.*)
 *(.rel.gnu.linkonce.t*)

.rela.text
 *(.rela.text)
 *(.rela.text.*)
 *(.rela.gnu.linkonce.t*)

.rel.fini
 *(.rel.fini)

.rela.fini
 *(.rela.fini)

.rel.rodata
 *(.rel.rodata)
 *(.rel.rodata.*)
 *(.rel.gnu.linkonce.r*)

.rela.rodata
 *(.rela.rodata)
 *(.rela.rodata.*)
 *(.rela.gnu.linkonce.r*)

.rel.data
 *(.rel.data)
 *(.rel.data.*)
 *(.rel.gnu.linkonce.d*)

.rela.data
 *(.rela.data)
 *(.rela.data.*)
 *(.rela.gnu.linkonce.d*)

.rel.ctors
 *(.rel.ctors)

.rela.ctors
 *(.rela.ctors)

.rel.dtors
 *(.rel.dtors)

.rela.dtors
 *(.rela.dtors)

.rel.got
 *(.rel.got)

.rela.got
 *(.rela.got)

.rel.bss
 *(.rel.bss)

.rela.bss
 *(.rela.bss)

.rel.plt
 *(.rel.plt)

.rela.plt
 *(.rela.plt)

.text           0x00000200     0x5e8e
 *(.vectors)
 .vectors       0x00000200       0xa0 c:/users/josh/appdata/local/arduino15/packages/arduino/tools/avr-gcc/7.3.0-atmel3.6.1-arduino5/bin/../lib/gcc/avr/7.3.0/../../../../avr/lib/avrxmega3/crtatmega4809.o
                0x00000200                __vector_default
                0x00000200                __vectors
 *(.vectors)
 *(.progmem.gcc*)
                0x000002a0                . = ALIGN (0x2)
                0x000002a0                __trampolines_start = .
 *(.trampolines)
 .trampolines   0x000002a0        0x0 linker stubs
 *(.trampolines*)
                0x000002a0                __trampolines_end = .
 *libprintf_flt.a:*(.progmem.data)
 *libc.a:*(.progmem.data)
 *(.progmem*)
                0x000002a0                . = ALIGN (0x2)
 *(.jumptables)
 *(.jumptables*)
 *(.lowtext)
 *(.lowtext*)
                0x000002a0                __ctors_start = .
 *(.ctors)
 .ctors         0x000002a0        0x2 C:\Users\josh\AppData\Local\Temp\ccmc2uDQ.ltrans0.ltrans.o
                0x000002a2                __ctors_end = .
                0x000002a2                __dtors_start = .
 *(.dtors)
 .dtors         0x000002a2        0x2 C:\Users\josh\AppData\Local\Temp\ccmc2uDQ.ltrans0.ltrans.o
                0x000002a4                __dtors_end = .
 SORT(*)(.ctors)
 SORT(*)(.dtors)
 *(.init0)
 .init0         0x000002a4        0x0 c:/users/josh/appdata/local/arduino15/packages/arduino/tools/avr-gcc/7.3.0-atmel3.6.1-arduino5/bin/../lib/gcc/avr/7.3.0/../../../../avr/lib/avrxmega3/crtatmega4809.o
                0x000002a4                __init
 *(.init0)
 *(.init1)
 *(.init1)
 *(.init2)
 .init2         0x000002a4        0xc c:/users/josh/appdata/local/arduino15/packages/arduino/tools/avr-gcc/7.3.0-atmel3.6.1-arduino5/bin/../lib/gcc/avr/7.3.0/../../../../avr/lib/avrxmega3/crtatmega4809.o
 *(.init2)
 *(.init3)
 *(.init3)
 *(.init4)
 .init4         0x000002b0       0x10 c:/users/josh/appdata/local/arduino15/packages/arduino/tools/avr-gcc/7.3.0-atmel3.6.1-arduino5/bin/../lib/gcc/avr/7.3.0/avrxmega3\libgcc.a(_clear_bss.o)
                0x000002b0                __do_clear_bss
 .init4         0x000002c0       0x16 c:/users/josh/appdata/local/arduino15/packages/arduino/tools/avr-gcc/7.3.0-atmel3.6.1-arduino5/bin/../lib/gcc/avr/7.3.0/avrxmega3\libgcc.a(_copy_data.o)
                0x000002c0                __do_copy_data
 *(.init4)
 *(.init5)
 *(.init5)
 *(.init6)
 .init6         0x000002d6       0x16 c:/users/josh/appdata/local/arduino15/packages/arduino/tools/avr-gcc/7.3.0-atmel3.6.1-arduino5/bin/../lib/gcc/avr/7.3.0/avrxmega3\libgcc.a(_ctors.o)
                0x000002d6                __do_global_ctors
 *(.init6)
 *(.init7)
 *(.init7)
 *(.init8)
 *(.init8)
 *(.init9)
 .init9         0x000002ec        0x8 c:/users/josh/appdata/local/arduino15/packages/arduino/tools/avr-gcc/7.3.0-atmel3.6.1-arduino5/bin/../lib/gcc/avr/7.3.0/../../../../avr/lib/avrxmega3/crtatmega4809.o
 *(.init9)
 *(.text)
 .text          0x000002f4        0x4 c:/users/josh/appdata/local/arduino15/packages/arduino/tools/avr-gcc/7.3.0-atmel3.6.1-arduino5/bin/../lib/gcc/avr/7.3.0/../../../../avr/lib/avrxmega3/crtatmega4809.o
                0x000002f4                __vector_22
                0x000002f4                __vector_28
                0x000002f4                __vector_1
                0x000002f4                __vector_32
                0x000002f4                __vector_34
                0x000002f4                __vector_24
                0x000002f4                __vector_12
                0x000002f4                __bad_interrupt
                0x000002f4                __vector_6
                0x000002f4                __vector_31
                0x000002f4                __vector_35
                0x000002f4                __vector_39
                0x000002f4                __vector_3
                0x000002f4                __vector_23
                0x000002f4                __vector_30
                0x000002f4                __vector_25
                0x000002f4                __vector_11
                0x000002f4                __vector_13
                0x000002f4                __vector_17
                0x000002f4                __vector_19
                0x000002f4                __vector_7
                0x000002f4                __vector_27
                0x000002f4                __vector_5
                0x000002f4                __vector_33
                0x000002f4                __vector_4
                0x000002f4                __vector_9
                0x000002f4                __vector_2
                0x000002f4                __vector_21
                0x000002f4                __vector_29
                0x000002f4                __vector_8
                0x000002f4                __vector_26
                0x000002f4                __vector_10
                0x000002f4                __vector_16
                0x000002f4                __vector_18
                0x000002f4                __vector_20
 .text          0x000002f8     0x4710 C:\Users\josh\AppData\Local\Temp\ccmc2uDQ.ltrans0.ltrans.o
                0x00004580                __vector_36
                0x00004648                __vector_38
                0x00004694                __vector_37
                0x00004726                __vector_14
                0x00004888                __vector_15
                0x00004a08                . = ALIGN (0x2)
 *(.text.*)
 .text.startup  0x00004a08      0x8b0 C:\Users\josh\AppData\Local\Temp\ccmc2uDQ.ltrans0.ltrans.o
                0x00004c74                main
 .text.exit     0x000052b8       0x38 C:\Users\josh\AppData\Local\Temp\ccmc2uDQ.ltrans0.ltrans.o
 .text.avr-libc.fplib
                0x000052f0       0x7a c:/users/josh/appdata/local/arduino15/packages/arduino/tools/avr-gcc/7.3.0-atmel3.6.1-arduino5/bin/../lib/gcc/avr/7.3.0/../../../../avr/lib/avrxmega3\libc.a(floatsisf.o)
                0x000052f0                __floatunsisf
                0x000052f4                __floatsisf
 .text.avr-libc.fplib
                0x0000536a        0xc c:/users/josh/appdata/local/arduino15/packages/arduino/tools/avr-gcc/7.3.0-atmel3.6.1-arduino5/bin/../lib/gcc/avr/7.3.0/../../../../avr/lib/avrxmega3\libc.a(fp_inf.o)
                0x0000536a                __fp_inf
 .text.avr-libc.fplib
                0x00005376        0x6 c:/users/josh/appdata/local/arduino15/packages/arduino/tools/avr-gcc/7.3.0-atmel3.6.1-arduino5/bin/../lib/gcc/avr/7.3.0/../../../../avr/lib/avrxmega3\libc.a(fp_nan.o)
                0x00005376                __fp_nan
 .text.avr-libc.fplib
                0x0000537c        0xe c:/users/josh/appdata/local/arduino15/packages/arduino/tools/avr-gcc/7.3.0-atmel3.6.1-arduino5/bin/../lib/gcc/avr/7.3.0/../../../../avr/lib/avrxmega3\libc.a(fp_pscA.o)
                0x0000537c                __fp_pscA
 .text.avr-libc.fplib
                0x0000538a        0xe c:/users/josh/appdata/local/arduino15/packages/arduino/tools/avr-gcc/7.3.0-atmel3.6.1-arduino5/bin/../lib/gcc/avr/7.3.0/../../../../avr/lib/avrxmega3\libc.a(fp_pscB.o)
                0x0000538a                __fp_pscB
 .text.avr-libc.fplib
                0x00005398       0x22 c:/users/josh/appdata/local/arduino15/packages/arduino/tools/avr-gcc/7.3.0-atmel3.6.1-arduino5/bin/../lib/gcc/avr/7.3.0/../../../../avr/lib/avrxmega3\libc.a(fp_round.o)
                0x00005398                __fp_round
 .text.avr-libc.fplib
                0x000053ba       0x44 c:/users/josh/appdata/local/arduino15/packages/arduino/tools/avr-gcc/7.3.0-atmel3.6.1-arduino5/bin/../lib/gcc/avr/7.3.0/../../../../avr/lib/avrxmega3\libc.a(fp_split3.o)
                0x000053ba                __fp_split3
                0x000053ca                __fp_splitA
 .text.avr-libc.fplib
                0x000053fe        0xe c:/users/josh/appdata/local/arduino15/packages/arduino/tools/avr-gcc/7.3.0-atmel3.6.1-arduino5/bin/../lib/gcc/avr/7.3.0/../../../../avr/lib/avrxmega3\libc.a(fp_zero.o)
                0x000053fe                __fp_zero
                0x00005400                __fp_szero
 .text.libgcc.mul
                0x0000540c       0x16 c:/users/josh/appdata/local/arduino15/packages/arduino/tools/avr-gcc/7.3.0-atmel3.6.1-arduino5/bin/../lib/gcc/avr/7.3.0/avrxmega3\libgcc.a(_muluhisi3.o)
                0x0000540c                __muluhisi3
 .text.libgcc.prologue
                0x00005422       0x32 c:/users/josh/appdata/local/arduino15/packages/arduino/tools/avr-gcc/7.3.0-atmel3.6.1-arduino5/bin/../lib/gcc/avr/7.3.0/avrxmega3\libgcc.a(_prologue.o)
                0x00005422                __prologue_saves__
 .text.libgcc.prologue
                0x00005454       0x30 c:/users/josh/appdata/local/arduino15/packages/arduino/tools/avr-gcc/7.3.0-atmel3.6.1-arduino5/bin/../lib/gcc/avr/7.3.0/avrxmega3\libgcc.a(_epilogue.o)
                0x00005454                __epilogue_restores__
 .text.libgcc.mul
                0x00005484       0x1e c:/users/josh/appdata/local/arduino15/packages/arduino/tools/avr-gcc/7.3.0-atmel3.6.1-arduino5/bin/../lib/gcc/avr/7.3.0/avrxmega3\libgcc.a(_umulhisi3.o)
                0x00005484                __umulhisi3
 .text.avr-libc.fplib
                0x000054a2        0x8 c:/users/josh/appdata/local/arduino15/packages/arduino/tools/avr-gcc/7.3.0-atmel3.6.1-arduino5/bin/../lib/gcc/avr/7.3.0/../../../../avr/lib/avrxmega3\libm.a(divsf3.o)
                0x000054a2                __divsf3
 .text.avr-libc.fplib
                0x000054aa       0xdc c:/users/josh/appdata/local/arduino15/packages/arduino/tools/avr-gcc/7.3.0-atmel3.6.1-arduino5/bin/../lib/gcc/avr/7.3.0/../../../../avr/lib/avrxmega3\libm.a(divsf3x.o)
                0x000054ca                __divsf3x
                0x000054d0                __divsf3_pse
 .text.avr-libc.fplib
                0x00005586        0xe c:/users/josh/appdata/local/arduino15/packages/arduino/tools/avr-gcc/7.3.0-atmel3.6.1-arduino5/bin/../lib/gcc/avr/7.3.0/../../../../avr/lib/avrxmega3\libm.a(fixsfsi.o)
                0x00005586                __fixsfsi
 .text.avr-libc.fplib
                0x00005594       0x5e c:/users/josh/appdata/local/arduino15/packages/arduino/tools/avr-gcc/7.3.0-atmel3.6.1-arduino5/bin/../lib/gcc/avr/7.3.0/../../../../avr/lib/avrxmega3\libm.a(fixunssfsi.o)
                0x00005594                __fixunssfsi
 .text.libgcc.div
                0x000055f2       0x28 c:/users/josh/appdata/local/arduino15/packages/arduino/tools/avr-gcc/7.3.0-atmel3.6.1-arduino5/bin/../lib/gcc/avr/7.3.0/avrxmega3\libgcc.a(_udivmodhi4.o)
                0x000055f2                __udivmodhi4
 .text.libgcc.div
                0x0000561a       0x44 c:/users/josh/appdata/local/arduino15/packages/arduino/tools/avr-gcc/7.3.0-atmel3.6.1-arduino5/bin/../lib/gcc/avr/7.3.0/avrxmega3\libgcc.a(_udivmodsi4.o)
                0x0000561a                __udivmodsi4
 .text.libgcc.div
                0x0000565e       0x2e c:/users/josh/appdata/local/arduino15/packages/arduino/tools/avr-gcc/7.3.0-atmel3.6.1-arduino5/bin/../lib/gcc/avr/7.3.0/avrxmega3\libgcc.a(_divmodsi4.o)
                0x0000565e                __divmodsi4
 .text.libgcc.div
                0x0000568c       0x10 c:/users/josh/appdata/local/arduino15/packages/arduino/tools/avr-gcc/7.3.0-atmel3.6.1-arduino5/bin/../lib/gcc/avr/7.3.0/avrxmega3\libgcc.a(_negsi2.o)
                0x0000568c                __negsi2
 .text.libgcc   0x0000569c        0xc c:/users/josh/appdata/local/arduino15/packages/arduino/tools/avr-gcc/7.3.0-atmel3.6.1-arduino5/bin/../lib/gcc/avr/7.3.0/avrxmega3\libgcc.a(_tablejump2.o)
                0x0000569c                __tablejump2__
 .text.libgcc.mul
                0x000056a8       0x10 c:/users/josh/appdata/local/arduino15/packages/arduino/tools/avr-gcc/7.3.0-atmel3.6.1-arduino5/bin/../lib/gcc/avr/7.3.0/avrxmega3\libgcc.a(_mulshisi3.o)
                0x000056a8                __mulshisi3
                0x000056ae                __mulohisi3
 .text.libgcc.builtins
                0x000056b8       0x3a c:/users/josh/appdata/local/arduino15/packages/arduino/tools/avr-gcc/7.3.0-atmel3.6.1-arduino5/bin/../lib/gcc/avr/7.3.0/avrxmega3\libgcc.a(_ashrdi3.o)
                0x000056b8                __ashrdi3
                0x000056bc                __lshrdi3
 .text.libgcc   0x000056f2       0x18 c:/users/josh/appdata/local/arduino15/packages/arduino/tools/avr-gcc/7.3.0-atmel3.6.1-arduino5/bin/../lib/gcc/avr/7.3.0/avrxmega3\libgcc.a(_cmpdi2_s8.o)
                0x000056f2                __cmpdi2_s8
 .text.avr-libc
                0x0000570a      0x24a c:/users/josh/appdata/local/arduino15/packages/arduino/tools/avr-gcc/7.3.0-atmel3.6.1-arduino5/bin/../lib/gcc/avr/7.3.0/../../../../avr/lib/avrxmega3\libc.a(malloc.o)
                0x0000570a                malloc
                0x00005842                free
 .text.avr-libc
                0x00005954      0x17a c:/users/josh/appdata/local/arduino15/packages/arduino/tools/avr-gcc/7.3.0-atmel3.6.1-arduino5/bin/../lib/gcc/avr/7.3.0/../../../../avr/lib/avrxmega3\libc.a(realloc.o)
                0x00005954                realloc
 .text.avr-libc
                0x00005ace       0x1a c:/users/josh/appdata/local/arduino15/packages/arduino/tools/avr-gcc/7.3.0-atmel3.6.1-arduino5/bin/../lib/gcc/avr/7.3.0/../../../../avr/lib/avrxmega3\libc.a(memcmp.o)
                0x00005ace                memcmp
 .text.avr-libc
                0x00005ae8       0x12 c:/users/josh/appdata/local/arduino15/packages/arduino/tools/avr-gcc/7.3.0-atmel3.6.1-arduino5/bin/../lib/gcc/avr/7.3.0/../../../../avr/lib/avrxmega3\libc.a(memcpy.o)
                0x00005ae8                memcpy
 .text.avr-libc
                0x00005afa       0x1e c:/users/josh/appdata/local/arduino15/packages/arduino/tools/avr-gcc/7.3.0-atmel3.6.1-arduino5/bin/../lib/gcc/avr/7.3.0/../../../../avr/lib/avrxmega3\libc.a(strncpy.o)
                0x00005afa                strncpy
 .text.avr-libc
                0x00005b18       0x60 c:/users/josh/appdata/local/arduino15/packages/arduino/tools/avr-gcc/7.3.0-atmel3.6.1-arduino5/bin/../lib/gcc/avr/7.3.0/../../../../avr/lib/avrxmega3\libc.a(snprintf.o)
                0x00005b18                snprintf
 .text.avr-libc
                0x00005b78      0x3b4 c:/users/josh/appdata/local/arduino15/packages/arduino/tools/avr-gcc/7.3.0-atmel3.6.1-arduino5/bin/../lib/gcc/avr/7.3.0/../../../../avr/lib/avrxmega3\libc.a(vfprintf_std.o)
                0x00005b78                vfprintf
 .text.avr-libc
                0x00005f2c       0x16 c:/users/josh/appdata/local/arduino15/packages/arduino/tools/avr-gcc/7.3.0-atmel3.6.1-arduino5/bin/../lib/gcc/avr/7.3.0/../../../../avr/lib/avrxmega3\libc.a(strnlen_P.o)
                0x00005f2c                strnlen_P
 .text.avr-libc
                0x00005f42       0x16 c:/users/josh/appdata/local/arduino15/packages/arduino/tools/avr-gcc/7.3.0-atmel3.6.1-arduino5/bin/../lib/gcc/avr/7.3.0/../../../../avr/lib/avrxmega3\libc.a(strnlen.o)
                0x00005f42                strnlen
 .text.avr-libc
                0x00005f58       0x60 c:/users/josh/appdata/local/arduino15/packages/arduino/tools/avr-gcc/7.3.0-atmel3.6.1-arduino5/bin/../lib/gcc/avr/7.3.0/../../../../avr/lib/avrxmega3\libc.a(fputc.o)
                0x00005f58                fputc
 .text.avr-libc
                0x00005fb8       0xbc c:/users/josh/appdata/local/arduino15/packages/arduino/tools/avr-gcc/7.3.0-atmel3.6.1-arduino5/bin/../lib/gcc/avr/7.3.0/../../../../avr/lib/avrxmega3\libc.a(ultoa_invert.o)
                0x00005fb8                __ultoa_invert
                0x00006074                . = ALIGN (0x2)
 *(.fini9)
 .fini9         0x00006074        0x0 c:/users/josh/appdata/local/arduino15/packages/arduino/tools/avr-gcc/7.3.0-atmel3.6.1-arduino5/bin/../lib/gcc/avr/7.3.0/avrxmega3\libgcc.a(_exit.o)
                0x00006074                _exit
                0x00006074                exit
 *(.fini9)
 *(.fini8)
 *(.fini8)
 *(.fini7)
 *(.fini7)
 *(.fini6)
 .fini6         0x00006074       0x16 c:/users/josh/appdata/local/arduino15/packages/arduino/tools/avr-gcc/7.3.0-atmel3.6.1-arduino5/bin/../lib/gcc/avr/7.3.0/avrxmega3\libgcc.a(_dtors.o)
                0x00006074                __do_global_dtors
 *(.fini6)
 *(.fini5)
 *(.fini5)
 *(.fini4)
 *(.fini4)
 *(.fini3)
 *(.fini3)
 *(.fini2)
 *(.fini2)
 *(.fini1)
 *(.fini1)
 *(.fini0)
 .fini0         0x0000608a        0x4 c:/users/josh/appdata/local/arduino15/packages/arduino/tools/avr-gcc/7.3.0-atmel3.6.1-arduino5/bin/../lib/gcc/avr/7.3.0/avrxmega3\libgcc.a(_exit.o)
 *(.fini0)
                0x0000608e                _etext = .

.rodata         0x0000a08e      0x343 load address 0x0000608e
 *(.rodata)
 .rodata        0x0000a08e      0x209 C:\Users\josh\AppData\Local\Temp\ccmc2uDQ.ltrans0.ltrans.o
 *(.rodata*)
 .rodata.str1.1
                0x0000a297      0x13a C:\Users\josh\AppData\Local\Temp\ccmc2uDQ.ltrans0.ltrans.o
                                0x13b (size before relaxing)
 *(.gnu.linkonce.r*)

.data           0x00802800       0x24 load address 0x000063d1
                0x00802800                PROVIDE (__data_start, .)
 *(.data)
 .data          0x00802800       0x1d C:\Users\josh\AppData\Local\Temp\ccmc2uDQ.ltrans0.ltrans.o
 .data          0x0080281d        0x6 c:/users/josh/appdata/local/arduino15/packages/arduino/tools/avr-gcc/7.3.0-atmel3.6.1-arduino5/bin/../lib/gcc/avr/7.3.0/../../../../avr/lib/avrxmega3\libc.a(malloc.o)
                0x0080281d                __malloc_heap_end
                0x0080281f                __malloc_heap_start
                0x00802821                __malloc_margin
 *(.data*)
 *(.gnu.linkonce.d*)
                0x00802824                . = ALIGN (0x2)
 *fill*         0x00802823        0x1 
                0x00802824                _edata = .
                0x00802824                PROVIDE (__data_end, .)

.bss            0x00802824      0x341
                0x00802824                PROVIDE (__bss_start, .)
 *(.bss)
 .bss           0x00802824      0x33d C:\Users\josh\AppData\Local\Temp\ccmc2uDQ.ltrans0.ltrans.o
 *(.bss*)
 *(COMMON)
 COMMON         0x00802b61        0x4 c:/users/josh/appdata/local/arduino15/packages/arduino/tools/avr-gcc/7.3.0-atmel3.6.1-arduino5/bin/../lib/gcc/avr/7.3.0/../../../../avr/lib/avrxmega3\libc.a(malloc.o)
                0x00802b61                __brkval
                0x00802b63                __flp
                0x00802b65                PROVIDE (__bss_end, .)
                0x000063d1                __data_load_start = LOADADDR (.data)
                0x000063f5                __data_load_end = (__data_load_start + SIZEOF (.data))

.noinit         0x00802b65        0x0
                [!provide]                PROVIDE (__noinit_start, .)
 *(.noinit*)
                [!provide]                PROVIDE (__noinit_end, .)
                0x00802b65                _end = .
                0x00802b65                PROVIDE (__heap_start, .)

.eeprom         0x00810000        0x0
 *(.eeprom*)
                0x00810000                __eeprom_end = .

.fuse
 *(.fuse)
 *(.lfuse)
 *(.hfuse)
 *(.efuse)

.lock
 *(.lock*)

.signature
 *(.signature*)

.user_signatures
 *(.user_signatures*)

.stab
 *(.stab)

.stabstr
 *(.stabstr)

.stab.excl
 *(.stab.excl)

.stab.exclstr
 *(.stab.exclstr)

.stab.index
 *(.stab.index)

.stab.indexstr
 *(.stab.indexstr)

.comment        0x00000000       0x11
 *(.comment)
 .comment       0x00000000       0x11 C:\Users\josh\AppData\Local\Temp\ccmc2uDQ.ltrans0.ltrans.o
                                 0x12 (size before relaxing)
 .comment       0x00000011       0x12 c:/users/josh/appdata/local/arduino15/packages/arduino/tools/avr-gcc/7.3.0-atmel3.6.1-arduino5/bin/../lib/gcc/avr/7.3.0/../../../../avr/lib/avrxmega3\libc.a(malloc.o)
 .comment       0x00000011       0x12 c:/users/josh/appdata/local/arduino15/packages/arduino/tools/avr-gcc/7.3.0-atmel3.6.1-arduino5/bin/../lib/gcc/avr/7.3.0/../../../../avr/lib/avrxmega3\libc.a(realloc.o)
 .comment       0x00000011       0x12 c:/users/josh/appdata/local/arduino15/packages/arduino/tools/avr-gcc/7.3.0-atmel3.6.1-arduino5/bin/../lib/gcc/avr/7.3.0/../../../../avr/lib/avrxmega3\libc.a(snprintf.o)
 .comment       0x00000011       0x12 c:/users/josh/appdata/local/arduino15/packages/arduino/tools/avr-gcc/7.3.0-atmel3.6.1-arduino5/bin/../lib/gcc/avr/7.3.0/../../../../avr/lib/avrxmega3\libc.a(vfprintf_std.o)
 .comment       0x00000011       0x12 c:/users/josh/appdata/local/arduino15/packages/arduino/tools/avr-gcc/7.3.0-atmel3.6.1-arduino5/bin/../lib/gcc/avr/7.3.0/../../../../avr/lib/avrxmega3\libc.a(fputc.o)

.note.gnu.avr.deviceinfo
                0x00000000       0x40
 .note.gnu.avr.deviceinfo
                0x00000000       0x40 c:/users/josh/appdata/local/arduino15/packages/arduino/tools/avr-gcc/7.3.0-atmel3.6.1-arduino5/bin/../lib/gcc/avr/7.3.0/../../../../avr/lib/avrxmega3/crtatmega4809.o

.note.gnu.build-id
 *(.note.gnu.build-id)

.debug
 *(.debug)

.line
 *(.line)

.debug_srcinfo
 *(.debug_srcinfo)

.debug_sfnames
 *(.debug_sfnames)

.debug_aranges  0x00000000      0x250
 *(.debug_aranges)
 .debug_aranges
                0x00000000       0x30 C:\Users\josh\AppData\Local\Temp\ccmc2uDQ.ltrans0.ltrans.o
 .debug_aranges
                0x00000030       0x20 c:/users/josh/appdata/local/arduino15/packages/arduino/tools/avr-gcc/7.3.0-atmel3.6.1-arduino5/bin/../lib/gcc/avr/7.3.0/avrxmega3\libgcc.a(_exit.o)
 .debug_aranges
                0x00000050       0x20 c:/users/josh/appdata/local/arduino15/packages/arduino/tools/avr-gcc/7.3.0-atmel3.6.1-arduino5/bin/../lib/gcc/avr/7.3.0/avrxmega3\libgcc.a(_clear_bss.o)
 .debug_aranges
                0x00000070       0x20 c:/users/josh/appdata/local/arduino15/packages/arduino/tools/avr-gcc/7.3.0-atmel3.6.1-arduino5/bin/../lib/gcc/avr/7.3.0/avrxmega3\libgcc.a(_muluhisi3.o)
 .debug_aranges
                0x00000090       0x20 c:/users/josh/appdata/local/arduino15/packages/arduino/tools/avr-gcc/7.3.0-atmel3.6.1-arduino5/bin/../lib/gcc/avr/7.3.0/avrxmega3\libgcc.a(_prologue.o)
 .debug_aranges
                0x000000b0       0x20 c:/users/josh/appdata/local/arduino15/packages/arduino/tools/avr-gcc/7.3.0-atmel3.6.1-arduino5/bin/../lib/gcc/avr/7.3.0/avrxmega3\libgcc.a(_epilogue.o)
 .debug_aranges
                0x000000d0       0x20 c:/users/josh/appdata/local/arduino15/packages/arduino/tools/avr-gcc/7.3.0-atmel3.6.1-arduino5/bin/../lib/gcc/avr/7.3.0/avrxmega3\libgcc.a(_umulhisi3.o)
 .debug_aranges
                0x000000f0       0x20 c:/users/josh/appdata/local/arduino15/packages/arduino/tools/avr-gcc/7.3.0-atmel3.6.1-arduino5/bin/../lib/gcc/avr/7.3.0/avrxmega3\libgcc.a(_udivmodhi4.o)
 .debug_aranges
                0x00000110       0x20 c:/users/josh/appdata/local/arduino15/packages/arduino/tools/avr-gcc/7.3.0-atmel3.6.1-arduino5/bin/../lib/gcc/avr/7.3.0/avrxmega3\libgcc.a(_udivmodsi4.o)
 .debug_aranges
                0x00000130       0x20 c:/users/josh/appdata/local/arduino15/packages/arduino/tools/avr-gcc/7.3.0-atmel3.6.1-arduino5/bin/../lib/gcc/avr/7.3.0/avrxmega3\libgcc.a(_divmodsi4.o)
 .debug_aranges
                0x00000150       0x20 c:/users/josh/appdata/local/arduino15/packages/arduino/tools/avr-gcc/7.3.0-atmel3.6.1-arduino5/bin/../lib/gcc/avr/7.3.0/avrxmega3\libgcc.a(_negsi2.o)
 .debug_aranges
                0x00000170       0x20 c:/users/josh/appdata/local/arduino15/packages/arduino/tools/avr-gcc/7.3.0-atmel3.6.1-arduino5/bin/../lib/gcc/avr/7.3.0/avrxmega3\libgcc.a(_tablejump2.o)
 .debug_aranges
                0x00000190       0x20 c:/users/josh/appdata/local/arduino15/packages/arduino/tools/avr-gcc/7.3.0-atmel3.6.1-arduino5/bin/../lib/gcc/avr/7.3.0/avrxmega3\libgcc.a(_copy_data.o)
 .debug_aranges
                0x000001b0       0x20 c:/users/josh/appdata/local/arduino15/packages/arduino/tools/avr-gcc/7.3.0-atmel3.6.1-arduino5/bin/../lib/gcc/avr/7.3.0/avrxmega3\libgcc.a(_ctors.o)
 .debug_aranges
                0x000001d0       0x20 c:/users/josh/appdata/local/arduino15/packages/arduino/tools/avr-gcc/7.3.0-atmel3.6.1-arduino5/bin/../lib/gcc/avr/7.3.0/avrxmega3\libgcc.a(_dtors.o)
 .debug_aranges
                0x000001f0       0x20 c:/users/josh/appdata/local/arduino15/packages/arduino/tools/avr-gcc/7.3.0-atmel3.6.1-arduino5/bin/../lib/gcc/avr/7.3.0/avrxmega3\libgcc.a(_mulshisi3.o)
 .debug_aranges
                0x00000210       0x20 c:/users/josh/appdata/local/arduino15/packages/arduino/tools/avr-gcc/7.3.0-atmel3.6.1-arduino5/bin/../lib/gcc/avr/7.3.0/avrxmega3\libgcc.a(_ashrdi3.o)
 .debug_aranges
                0x00000230       0x20 c:/users/josh/appdata/local/arduino15/packages/arduino/tools/avr-gcc/7.3.0-atmel3.6.1-arduino5/bin/../lib/gcc/avr/7.3.0/avrxmega3\libgcc.a(_cmpdi2_s8.o)

.debug_pubnames
 *(.debug_pubnames)

.debug_info     0x00000000    0x11ec6
 *(.debug_info .gnu.linkonce.wi.*)
 .debug_info    0x00000000     0x249d c:/users/josh/appdata/local/arduino15/packages/arduino/tools/avr-gcc/7.3.0-atmel3.6.1-arduino5/bin/../lib/gcc/avr/7.3.0/../../../../avr/lib/avrxmega3/crtatmega4809.o
 .debug_info    0x0000249d     0xed69 C:\Users\josh\AppData\Local\Temp\ccmc2uDQ.ltrans0.ltrans.o
 .debug_info    0x00011206       0xc0 c:/users/josh/appdata/local/arduino15/packages/arduino/tools/avr-gcc/7.3.0-atmel3.6.1-arduino5/bin/../lib/gcc/avr/7.3.0/avrxmega3\libgcc.a(_exit.o)
 .debug_info    0x000112c6       0xc0 c:/users/josh/appdata/local/arduino15/packages/arduino/tools/avr-gcc/7.3.0-atmel3.6.1-arduino5/bin/../lib/gcc/avr/7.3.0/avrxmega3\libgcc.a(_clear_bss.o)
 .debug_info    0x00011386       0xc0 c:/users/josh/appdata/local/arduino15/packages/arduino/tools/avr-gcc/7.3.0-atmel3.6.1-arduino5/bin/../lib/gcc/avr/7.3.0/avrxmega3\libgcc.a(_muluhisi3.o)
 .debug_info    0x00011446       0xc0 c:/users/josh/appdata/local/arduino15/packages/arduino/tools/avr-gcc/7.3.0-atmel3.6.1-arduino5/bin/../lib/gcc/avr/7.3.0/avrxmega3\libgcc.a(_prologue.o)
 .debug_info    0x00011506       0xc0 c:/users/josh/appdata/local/arduino15/packages/arduino/tools/avr-gcc/7.3.0-atmel3.6.1-arduino5/bin/../lib/gcc/avr/7.3.0/avrxmega3\libgcc.a(_epilogue.o)
 .debug_info    0x000115c6       0xc0 c:/users/josh/appdata/local/arduino15/packages/arduino/tools/avr-gcc/7.3.0-atmel3.6.1-arduino5/bin/../lib/gcc/avr/7.3.0/avrxmega3\libgcc.a(_umulhisi3.o)
 .debug_info    0x00011686       0xc0 c:/users/josh/appdata/local/arduino15/packages/arduino/tools/avr-gcc/7.3.0-atmel3.6.1-arduino5/bin/../lib/gcc/avr/7.3.0/avrxmega3\libgcc.a(_udivmodhi4.o)
 .debug_info    0x00011746       0xc0 c:/users/josh/appdata/local/arduino15/packages/arduino/tools/avr-gcc/7.3.0-atmel3.6.1-arduino5/bin/../lib/gcc/avr/7.3.0/avrxmega3\libgcc.a(_udivmodsi4.o)
 .debug_info    0x00011806       0xc0 c:/users/josh/appdata/local/arduino15/packages/arduino/tools/avr-gcc/7.3.0-atmel3.6.1-arduino5/bin/../lib/gcc/avr/7.3.0/avrxmega3\libgcc.a(_divmodsi4.o)
 .debug_info    0x000118c6       0xc0 c:/users/josh/appdata/local/arduino15/packages/arduino/tools/avr-gcc/7.3.0-atmel3.6.1-arduino5/bin/../lib/gcc/avr/7.3.0/avrxmega3\libgcc.a(_negsi2.o)
 .debug_info    0x00011986       0xc0 c:/users/josh/appdata/local/arduino15/packages/arduino/tools/avr-gcc/7.3.0-atmel3.6.1-arduino5/bin/../lib/gcc/avr/7.3.0/avrxmega3\libgcc.a(_tablejump2.o)
 .debug_info    0x00011a46       0xc0 c:/users/josh/appdata/local/arduino15/packages/arduino/tools/avr-gcc/7.3.0-atmel3.6.1-arduino5/bin/../lib/gcc/avr/7.3.0/avrxmega3\libgcc.a(_copy_data.o)
 .debug_info    0x00011b06       0xc0 c:/users/josh/appdata/local/arduino15/packages/arduino/tools/avr-gcc/7.3.0-atmel3.6.1-arduino5/bin/../lib/gcc/avr/7.3.0/avrxmega3\libgcc.a(_ctors.o)
 .debug_info    0x00011bc6       0xc0 c:/users/josh/appdata/local/arduino15/packages/arduino/tools/avr-gcc/7.3.0-atmel3.6.1-arduino5/bin/../lib/gcc/avr/7.3.0/avrxmega3\libgcc.a(_dtors.o)
 .debug_info    0x00011c86       0xc0 c:/users/josh/appdata/local/arduino15/packages/arduino/tools/avr-gcc/7.3.0-atmel3.6.1-arduino5/bin/../lib/gcc/avr/7.3.0/avrxmega3\libgcc.a(_mulshisi3.o)
 .debug_info    0x00011d46       0xc0 c:/users/josh/appdata/local/arduino15/packages/arduino/tools/avr-gcc/7.3.0-atmel3.6.1-arduino5/bin/../lib/gcc/avr/7.3.0/avrxmega3\libgcc.a(_ashrdi3.o)
 .debug_info    0x00011e06       0xc0 c:/users/josh/appdata/local/arduino15/packages/arduino/tools/avr-gcc/7.3.0-atmel3.6.1-arduino5/bin/../lib/gcc/avr/7.3.0/avrxmega3\libgcc.a(_cmpdi2_s8.o)

.debug_abbrev   0x00000000     0x31c6
 *(.debug_abbrev)
 .debug_abbrev  0x00000000     0x22a8 c:/users/josh/appdata/local/arduino15/packages/arduino/tools/avr-gcc/7.3.0-atmel3.6.1-arduino5/bin/../lib/gcc/avr/7.3.0/../../../../avr/lib/avrxmega3/crtatmega4809.o
 .debug_abbrev  0x000022a8      0xdca C:\Users\josh\AppData\Local\Temp\ccmc2uDQ.ltrans0.ltrans.o
 .debug_abbrev  0x00003072       0x14 c:/users/josh/appdata/local/arduino15/packages/arduino/tools/avr-gcc/7.3.0-atmel3.6.1-arduino5/bin/../lib/gcc/avr/7.3.0/avrxmega3\libgcc.a(_exit.o)
 .debug_abbrev  0x00003086       0x14 c:/users/josh/appdata/local/arduino15/packages/arduino/tools/avr-gcc/7.3.0-atmel3.6.1-arduino5/bin/../lib/gcc/avr/7.3.0/avrxmega3\libgcc.a(_clear_bss.o)
 .debug_abbrev  0x0000309a       0x14 c:/users/josh/appdata/local/arduino15/packages/arduino/tools/avr-gcc/7.3.0-atmel3.6.1-arduino5/bin/../lib/gcc/avr/7.3.0/avrxmega3\libgcc.a(_muluhisi3.o)
 .debug_abbrev  0x000030ae       0x14 c:/users/josh/appdata/local/arduino15/packages/arduino/tools/avr-gcc/7.3.0-atmel3.6.1-arduino5/bin/../lib/gcc/avr/7.3.0/avrxmega3\libgcc.a(_prologue.o)
 .debug_abbrev  0x000030c2       0x14 c:/users/josh/appdata/local/arduino15/packages/arduino/tools/avr-gcc/7.3.0-atmel3.6.1-arduino5/bin/../lib/gcc/avr/7.3.0/avrxmega3\libgcc.a(_epilogue.o)
 .debug_abbrev  0x000030d6       0x14 c:/users/josh/appdata/local/arduino15/packages/arduino/tools/avr-gcc/7.3.0-atmel3.6.1-arduino5/bin/../lib/gcc/avr/7.3.0/avrxmega3\libgcc.a(_umulhisi3.o)
 .debug_abbrev  0x000030ea       0x14 c:/users/josh/appdata/local/arduino15/packages/arduino/tools/avr-gcc/7.3.0-atmel3.6.1-arduino5/bin/../lib/gcc/avr/7.3.0/avrxmega3\libgcc.a(_udivmodhi4.o)
 .debug_abbrev  0x000030fe       0x14 c:/users/josh/appdata/local/arduino15/packages/arduino/tools/avr-gcc/7.3.0-atmel3.6.1-arduino5/bin/../lib/gcc/avr/7.3.0/avrxmega3\libgcc.a(_udivmodsi4.o)
 .debug_abbrev  0x00003112       0x14 c:/users/josh/appdata/local/arduino15/packages/arduino/tools/avr-gcc/7.3.0-atmel3.6.1-arduino5/bin/../lib/gcc/avr/7.3.0/avrxmega3\libgcc.a(_divmodsi4.o)
 .debug_abbrev  0x00003126       0x14 c:/users/josh/appdata/local/arduino15/packages/arduino/tools/avr-gcc/7.3.0-atmel3.6.1-arduino5/bin/../lib/gcc/avr/7.3.0/avrxmega3\libgcc.a(_negsi2.o)
 .debug_abbrev  0x0000313a       0x14 c:/users/josh/appdata/local/arduino15/packages/arduino/tools/avr-gcc/7.3.0-atmel3.6.1-arduino5/bin/../lib/gcc/avr/7.3.0/avrxmega3\libgcc.a(_tablejump2.o)
 .debug_abbrev  0x0000314e       0x14 c:/users/josh/appdata/local/arduino15/packages/arduino/tools/avr-gcc/7.3.0-atmel3.6.1-arduino5/bin/../lib/gcc/avr/7.3.0/avrxmega3\libgcc.a(_copy_data.o)
 .debug_abbrev  0x00003162       0x14 c:/users/josh/appdata/local/arduino15/packages/arduino/tools/avr-gcc/7.3.0-atmel3.6.1-arduino5/bin/../lib/gcc/avr/7.3.0/avrxmega3\libgcc.a(_ctors.o)
 .debug_abbrev  0x00003176       0x14 c:/users/josh/appdata/local/arduino15/packages/arduino/tools/avr-gcc/7.3.0-atmel3.6.1-arduino5/bin/../lib/gcc/avr/7.3.0/avrxmega3\libgcc.a(_dtors.o)
 .debug_abbrev  0x0000318a       0x14 c:/users/josh/appdata/local/arduino15/packages/arduino/tools/avr-gcc/7.3.0-atmel3.6.1-arduino5/bin/../lib/gcc/avr/7.3.0/avrxmega3\libgcc.a(_mulshisi3.o)
 .debug_abbrev  0x0000319e       0x14 c:/users/josh/appdata/local/arduino15/packages/arduino/tools/avr-gcc/7.3.0-atmel3.6.1-arduino5/bin/../lib/gcc/avr/7.3.0/avrxmega3\libgcc.a(_ashrdi3.o)
 .debug_abbrev  0x000031b2       0x14 c:/users/josh/appdata/local/arduino15/packages/arduino/tools/avr-gcc/7.3.0-atmel3.6.1-arduino5/bin/../lib/gcc/avr/7.3.0/avrxmega3\libgcc.a(_cmpdi2_s8.o)

.debug_line     0x00000000     0x46fd
 *(.debug_line .debug_line.* .debug_line_end)
 .debug_line    0x00000000      0x187 c:/users/josh/appdata/local/arduino15/packages/arduino/tools/avr-gcc/7.3.0-atmel3.6.1-arduino5/bin/../lib/gcc/avr/7.3.0/../../../../avr/lib/avrxmega3/crtatmega4809.o
 .debug_line    0x00000187     0x3a2c C:\Users\josh\AppData\Local\Temp\ccmc2uDQ.ltrans0.ltrans.o
 .debug_line    0x00003bb3       0x62 c:/users/josh/appdata/local/arduino15/packages/arduino/tools/avr-gcc/7.3.0-atmel3.6.1-arduino5/bin/../lib/gcc/avr/7.3.0/avrxmega3\libgcc.a(_exit.o)
 .debug_line    0x00003c15       0x86 c:/users/josh/appdata/local/arduino15/packages/arduino/tools/avr-gcc/7.3.0-atmel3.6.1-arduino5/bin/../lib/gcc/avr/7.3.0/avrxmega3\libgcc.a(_clear_bss.o)
 .debug_line    0x00003c9b       0x92 c:/users/josh/appdata/local/arduino15/packages/arduino/tools/avr-gcc/7.3.0-atmel3.6.1-arduino5/bin/../lib/gcc/avr/7.3.0/avrxmega3\libgcc.a(_muluhisi3.o)
 .debug_line    0x00003d2d       0xec c:/users/josh/appdata/local/arduino15/packages/arduino/tools/avr-gcc/7.3.0-atmel3.6.1-arduino5/bin/../lib/gcc/avr/7.3.0/avrxmega3\libgcc.a(_prologue.o)
 .debug_line    0x00003e19       0xe6 c:/users/josh/appdata/local/arduino15/packages/arduino/tools/avr-gcc/7.3.0-atmel3.6.1-arduino5/bin/../lib/gcc/avr/7.3.0/avrxmega3\libgcc.a(_epilogue.o)
 .debug_line    0x00003eff       0xb0 c:/users/josh/appdata/local/arduino15/packages/arduino/tools/avr-gcc/7.3.0-atmel3.6.1-arduino5/bin/../lib/gcc/avr/7.3.0/avrxmega3\libgcc.a(_umulhisi3.o)
 .debug_line    0x00003faf       0xce c:/users/josh/appdata/local/arduino15/packages/arduino/tools/avr-gcc/7.3.0-atmel3.6.1-arduino5/bin/../lib/gcc/avr/7.3.0/avrxmega3\libgcc.a(_udivmodhi4.o)
 .debug_line    0x0000407d      0x122 c:/users/josh/appdata/local/arduino15/packages/arduino/tools/avr-gcc/7.3.0-atmel3.6.1-arduino5/bin/../lib/gcc/avr/7.3.0/avrxmega3\libgcc.a(_udivmodsi4.o)
 .debug_line    0x0000419f       0xce c:/users/josh/appdata/local/arduino15/packages/arduino/tools/avr-gcc/7.3.0-atmel3.6.1-arduino5/bin/../lib/gcc/avr/7.3.0/avrxmega3\libgcc.a(_divmodsi4.o)
 .debug_line    0x0000426d       0x62 c:/users/josh/appdata/local/arduino15/packages/arduino/tools/avr-gcc/7.3.0-atmel3.6.1-arduino5/bin/../lib/gcc/avr/7.3.0/avrxmega3\libgcc.a(_negsi2.o)
 .debug_line    0x000042cf       0x7a c:/users/josh/appdata/local/arduino15/packages/arduino/tools/avr-gcc/7.3.0-atmel3.6.1-arduino5/bin/../lib/gcc/avr/7.3.0/avrxmega3\libgcc.a(_tablejump2.o)
 .debug_line    0x00004349       0x98 c:/users/josh/appdata/local/arduino15/packages/arduino/tools/avr-gcc/7.3.0-atmel3.6.1-arduino5/bin/../lib/gcc/avr/7.3.0/avrxmega3\libgcc.a(_copy_data.o)
 .debug_line    0x000043e1       0x92 c:/users/josh/appdata/local/arduino15/packages/arduino/tools/avr-gcc/7.3.0-atmel3.6.1-arduino5/bin/../lib/gcc/avr/7.3.0/avrxmega3\libgcc.a(_ctors.o)
 .debug_line    0x00004473       0x92 c:/users/josh/appdata/local/arduino15/packages/arduino/tools/avr-gcc/7.3.0-atmel3.6.1-arduino5/bin/../lib/gcc/avr/7.3.0/avrxmega3\libgcc.a(_dtors.o)
 .debug_line    0x00004505       0x7a c:/users/josh/appdata/local/arduino15/packages/arduino/tools/avr-gcc/7.3.0-atmel3.6.1-arduino5/bin/../lib/gcc/avr/7.3.0/avrxmega3\libgcc.a(_mulshisi3.o)
 .debug_line    0x0000457f      0x104 c:/users/josh/appdata/local/arduino15/packages/arduino/tools/avr-gcc/7.3.0-atmel3.6.1-arduino5/bin/../lib/gcc/avr/7.3.0/avrxmega3\libgcc.a(_ashrdi3.o)
 .debug_line    0x00004683       0x7a c:/users/josh/appdata/local/arduino15/packages/arduino/tools/avr-gcc/7.3.0-atmel3.6.1-arduino5/bin/../lib/gcc/avr/7.3.0/avrxmega3\libgcc.a(_cmpdi2_s8.o)

.debug_frame    0x00000000     0x1750
 *(.debug_frame)
 .debug_frame   0x00000000     0x1750 C:\Users\josh\AppData\Local\Temp\ccmc2uDQ.ltrans0.ltrans.o

.debug_str      0x00000000     0x3d33
 *(.debug_str)
 .debug_str     0x00000000      0xf8b c:/users/josh/appdata/local/arduino15/packages/arduino/tools/avr-gcc/7.3.0-atmel3.6.1-arduino5/bin/../lib/gcc/avr/7.3.0/../../../../avr/lib/avrxmega3/crtatmega4809.o
 .debug_str     0x00000f8b     0x2da8 C:\Users\josh\AppData\Local\Temp\ccmc2uDQ.ltrans0.ltrans.o
                               0x3106 (size before relaxing)

.debug_loc      0x00000000     0x9555
 *(.debug_loc)
 .debug_loc     0x00000000     0x9555 C:\Users\josh\AppData\Local\Temp\ccmc2uDQ.ltrans0.ltrans.o

.debug_macinfo
 *(.debug_macinfo)

.debug_weaknames
 *(.debug_weaknames)

.debug_funcnames
 *(.debug_funcnames)

.debug_typenames
 *(.debug_typenames)

.debug_varnames
 *(.debug_varnames)

.debug_pubtypes
 *(.debug_pubtypes)

.debug_ranges   0x00000000      0x700
 *(.debug_ranges)
 .debug_ranges  0x00000000      0x700 C:\Users\josh\AppData\Local\Temp\ccmc2uDQ.ltrans0.ltrans.o

.debug_macro
 *(.debug_macro)
OUTPUT(C:\Users\josh\AppData\Local\Temp\arduino\sketches\D71FDA8A22437A7D50E2DF5F95563ED5/mqtt_publisher_self_hosted_broker.ino.elf elf32-avr)
LOAD linker stubs
